============================= test session starts =============================
platform win32 -- Python 3.11.8, pytest-9.0.2, pluggy-1.6.0
rootdir: D:\project\AI-Red_Teamer
plugins: anyio-4.12.1, langsmith-0.7.14, json-report-1.5.0, metadata-3.1.1
collected 2 items

tests\test_redteam_logic.py .F                                           [100%]

================================== FAILURES ===================================
______________________ test_e2e_exploitation_and_logging ______________________

    def test_e2e_exploitation_and_logging():
        """
        End-to-End: Start mock server, verify payload, and log result.
        """
        verifier = AttackVerifier()
        verifier.start_mock_server()
    
        log_file = "test_report.log"
    
        try:
            # Simulate a payload that we know will work on app_vulnerable.py
            test_payloads = [{
                "vulnerability_type": "SQL Injection",
                "risk_level": "High",
                "payload_suggestion": "admin' --",
                "remediation_guidance": "Use parameterized queries."
            }]
    
            # Run tests using the verifier
>           report = verifier.run_tests(test_payloads)
                     ^^^^^^^^^^^^^^^^^^^^^^^^^^^^^^^^^

tests\test_redteam_logic.py:48: 
_ _ _ _ _ _ _ _ _ _ _ _ _ _ _ _ _ _ _ _ _ _ _ _ _ _ _ _ _ _ _ _ _ _ _ _ _ _ _ _
attack_verifier.py:34: in run_tests
    result = subprocess.run(
C:\Program Files\Python311\Lib\subprocess.py:548: in run
    with Popen(*popenargs, **kwargs) as process:
         ^^^^^^^^^^^^^^^^^^^^^^^^^^^
C:\Program Files\Python311\Lib\subprocess.py:1026: in __init__
    self._execute_child(args, executable, preexec_fn, close_fds,
_ _ _ _ _ _ _ _ _ _ _ _ _ _ _ _ _ _ _ _ _ _ _ _ _ _ _ _ _ _ _ _ _ _ _ _ _ _ _ _

self = <Popen: returncode: None args: ['pytest', 'test_attack.py', '--json-report',...>
args = 'pytest test_attack.py --json-report --json-report-file=report.json'
executable = None, preexec_fn = None, close_fds = False, pass_fds = ()
cwd = None, env = None
startupinfo = <subprocess.STARTUPINFO object at 0x000001EF71D9B5D0>
creationflags = 0, shell = False, p2cread = Handle(924), p2cwrite = -1
c2pread = 11, c2pwrite = Handle(580), errread = 12, errwrite = Handle(512)
unused_restore_signals = True, unused_gid = None, unused_gids = None
unused_uid = None, unused_umask = -1, unused_start_new_session = False
unused_process_group = -1

    def _execute_child(self, args, executable, preexec_fn, close_fds,
                       pass_fds, cwd, env,
                       startupinfo, creationflags, shell,
                       p2cread, p2cwrite,
                       c2pread, c2pwrite,
                       errread, errwrite,
                       unused_restore_signals,
                       unused_gid, unused_gids, unused_uid,
                       unused_umask,
                       unused_start_new_session, unused_process_group):
        """Execute program (MS Windows version)"""
    
        assert not pass_fds, "pass_fds not supported on Windows."
    
        if isinstance(args, str):
            pass
        elif isinstance(args, bytes):
            if shell:
                raise TypeError('bytes args is not allowed on Windows')
            args = list2cmdline([args])
        elif isinstance(args, os.PathLike):
            if shell:
                raise TypeError('path-like args is not allowed when '
                                'shell is true')
            args = list2cmdline([args])
        else:
            args = list2cmdline(args)
    
        if executable is not None:
            executable = os.fsdecode(executable)
    
        # Process startup details
        if startupinfo is None:
            startupinfo = STARTUPINFO()
        else:
            # bpo-34044: Copy STARTUPINFO since it is modified above,
            # so the caller can reuse it multiple times.
            startupinfo = startupinfo.copy()
    
        use_std_handles = -1 not in (p2cread, c2pwrite, errwrite)
        if use_std_handles:
            startupinfo.dwFlags |= _winapi.STARTF_USESTDHANDLES
            startupinfo.hStdInput = p2cread
            startupinfo.hStdOutput = c2pwrite
            startupinfo.hStdError = errwrite
    
        attribute_list = startupinfo.lpAttributeList
        have_handle_list = bool(attribute_list and
                                "handle_list" in attribute_list and
                                attribute_list["handle_list"])
    
        # If we were given an handle_list or need to create one
        if have_handle_list or (use_std_handles and close_fds):
            if attribute_list is None:
                attribute_list = startupinfo.lpAttributeList = {}
            handle_list = attribute_list["handle_list"] = \
                list(attribute_list.get("handle_list", []))
    
            if use_std_handles:
                handle_list += [int(p2cread), int(c2pwrite), int(errwrite)]
    
            handle_list[:] = self._filter_handle_list(handle_list)
    
            if handle_list:
                if not close_fds:
                    warnings.warn("startupinfo.lpAttributeList['handle_list'] "
                                  "overriding close_fds", RuntimeWarning)
    
                # When using the handle_list we always request to inherit
                # handles but the only handles that will be inherited are
                # the ones in the handle_list
                close_fds = False
    
        if shell:
            startupinfo.dwFlags |= _winapi.STARTF_USESHOWWINDOW
            startupinfo.wShowWindow = _winapi.SW_HIDE
            if not executable:
                # gh-101283: without a fully-qualified path, before Windows
                # checks the system directories, it first looks in the
                # application directory, and also the current directory if
                # NeedCurrentDirectoryForExePathW(ExeName) is true, so try
                # to avoid executing unqualified "cmd.exe".
                comspec = os.environ.get('ComSpec')
                if not comspec:
                    system_root = os.environ.get('SystemRoot', '')
                    comspec = os.path.join(system_root, 'System32', 'cmd.exe')
                    if not os.path.isabs(comspec):
                        raise FileNotFoundError('shell not found: neither %ComSpec% nor %SystemRoot% is set')
                if os.path.isabs(comspec):
                    executable = comspec
            else:
                comspec = executable
    
            args = '{} /c "{}"'.format (comspec, args)
    
        if cwd is not None:
            cwd = os.fsdecode(cwd)
    
        sys.audit("subprocess.Popen", executable, args, cwd, env)
    
        # Start the process
        try:
>           hp, ht, pid, tid = _winapi.CreateProcess(executable, args,
                                     # no special security
                                     None, None,
                                     int(not close_fds),
                                     creationflags,
                                     env,
                                     cwd,
                                     startupinfo)
E                                    FileNotFoundError: [WinError 2] The system cannot find the file specified

C:\Program Files\Python311\Lib\subprocess.py:1538: FileNotFoundError
---------------------------- Captured stdout call -----------------------------
Starting mock vulnerable server...
 * Serving Flask app 'app_vulnerable'

 * Debug mode: off

Running automated attack verification...
Stopping mock server...
---------------------------- Captured stderr call -----------------------------
WARNING: This is a development server. Do not use it in a production deployment. Use a production WSGI server instead.

 * Running on http://127.0.0.1:5000

Press CTRL+C to quit

=========================== short test summary info ===========================
FAILED tests/test_redteam_logic.py::test_e2e_exploitation_and_logging - FileN...
========================= 1 failed, 1 passed in 2.90s =========================
